// Jest Snapshot v1, https://goo.gl/fbAQLP

exports[`Sitemap should render no Lang  1`] = `"sitemap"`;
